2026-04-29T19:44:54.676-0400 [DEBUG] [org.gradle.launcher.daemon.bootstrap.DaemonMain] Assuming the daemon was started with following jvm opts: [-Xmx1G, -Dfile.encoding=UTF-8, -Duser.country=US, -Duser.language=en, -Duser.variant]
2026-04-29T19:44:54.820-0400 [DEBUG] [org.gradle.internal.remote.internal.inet.InetAddresses] Adding IP addresses for network interface br-da4ddcaf8536
2026-04-29T19:44:54.821-0400 [DEBUG] [org.gradle.internal.remote.internal.inet.InetAddresses] Is this a loopback interface? false
2026-04-29T19:44:54.821-0400 [DEBUG] [org.gradle.internal.remote.internal.inet.InetAddresses] Adding remote address /172.24.0.1
2026-04-29T19:44:54.822-0400 [DEBUG] [org.gradle.internal.remote.internal.inet.InetAddresses] Adding IP addresses for network interface docker0
2026-04-29T19:44:54.822-0400 [DEBUG] [org.gradle.internal.remote.internal.inet.InetAddresses] Is this a loopback interface? false
2026-04-29T19:44:54.822-0400 [DEBUG] [org.gradle.internal.remote.internal.inet.InetAddresses] Adding remote address /172.17.0.1
2026-04-29T19:44:54.822-0400 [DEBUG] [org.gradle.internal.remote.internal.inet.InetAddresses] Adding IP addresses for network interface br-ce132d479940
2026-04-29T19:44:54.823-0400 [DEBUG] [org.gradle.internal.remote.internal.inet.InetAddresses] Is this a loopback interface? false
2026-04-29T19:44:54.823-0400 [DEBUG] [org.gradle.internal.remote.internal.inet.InetAddresses] Adding remote address /172.27.0.1
2026-04-29T19:44:54.823-0400 [DEBUG] [org.gradle.internal.remote.internal.inet.InetAddresses] Adding IP addresses for network interface br-ac30d6613061
2026-04-29T19:44:54.823-0400 [DEBUG] [org.gradle.internal.remote.internal.inet.InetAddresses] Is this a loopback interface? false
2026-04-29T19:44:54.823-0400 [DEBUG] [org.gradle.internal.remote.internal.inet.InetAddresses] Adding remote address /172.26.0.1
2026-04-29T19:44:54.823-0400 [DEBUG] [org.gradle.internal.remote.internal.inet.InetAddresses] Adding IP addresses for network interface br-833056e2b609
2026-04-29T19:44:54.824-0400 [DEBUG] [org.gradle.internal.remote.internal.inet.InetAddresses] Is this a loopback interface? false
2026-04-29T19:44:54.824-0400 [DEBUG] [org.gradle.internal.remote.internal.inet.InetAddresses] Adding remote address /172.25.0.1
2026-04-29T19:44:54.824-0400 [DEBUG] [org.gradle.internal.remote.internal.inet.InetAddresses] Adding IP addresses for network interface br-f757ad783b73
2026-04-29T19:44:54.824-0400 [DEBUG] [org.gradle.internal.remote.internal.inet.InetAddresses] Is this a loopback interface? false
2026-04-29T19:44:54.825-0400 [DEBUG] [org.gradle.internal.remote.internal.inet.InetAddresses] Adding remote address /172.19.0.1
2026-04-29T19:44:54.825-0400 [DEBUG] [org.gradle.internal.remote.internal.inet.InetAddresses] Adding IP addresses for network interface br-d71ffa1ad185
2026-04-29T19:44:54.825-0400 [DEBUG] [org.gradle.internal.remote.internal.inet.InetAddresses] Is this a loopback interface? false
2026-04-29T19:44:54.825-0400 [DEBUG] [org.gradle.internal.remote.internal.inet.InetAddresses] Adding remote address /172.18.0.1
2026-04-29T19:44:54.828-0400 [DEBUG] [org.gradle.internal.remote.internal.inet.InetAddresses] Adding IP addresses for network interface br-a11808b43912
2026-04-29T19:44:54.828-0400 [DEBUG] [org.gradle.internal.remote.internal.inet.InetAddresses] Is this a loopback interface? false
2026-04-29T19:44:54.828-0400 [DEBUG] [org.gradle.internal.remote.internal.inet.InetAddresses] Adding remote address /172.22.0.1
2026-04-29T19:44:54.828-0400 [DEBUG] [org.gradle.internal.remote.internal.inet.InetAddresses] Adding IP addresses for network interface br-7fefc70b2f44
2026-04-29T19:44:54.828-0400 [DEBUG] [org.gradle.internal.remote.internal.inet.InetAddresses] Is this a loopback interface? false
2026-04-29T19:44:54.828-0400 [DEBUG] [org.gradle.internal.remote.internal.inet.InetAddresses] Adding remote address /172.21.0.1
2026-04-29T19:44:54.829-0400 [DEBUG] [org.gradle.internal.remote.internal.inet.InetAddresses] Adding IP addresses for network interface br-519e1d9b6a19
2026-04-29T19:44:54.829-0400 [DEBUG] [org.gradle.internal.remote.internal.inet.InetAddresses] Is this a loopback interface? false
2026-04-29T19:44:54.829-0400 [DEBUG] [org.gradle.internal.remote.internal.inet.InetAddresses] Adding remote address /172.20.0.1
2026-04-29T19:44:54.829-0400 [DEBUG] [org.gradle.internal.remote.internal.inet.InetAddresses] Adding IP addresses for network interface br-2456e0931022
2026-04-29T19:44:54.829-0400 [DEBUG] [org.gradle.internal.remote.internal.inet.InetAddresses] Is this a loopback interface? false
2026-04-29T19:44:54.829-0400 [DEBUG] [org.gradle.internal.remote.internal.inet.InetAddresses] Adding remote address /172.23.0.1
2026-04-29T19:44:54.830-0400 [DEBUG] [org.gradle.internal.remote.internal.inet.InetAddresses] Adding IP addresses for network interface wg0
2026-04-29T19:44:54.830-0400 [DEBUG] [org.gradle.internal.remote.internal.inet.InetAddresses] Is this a loopback interface? false
2026-04-29T19:44:54.830-0400 [DEBUG] [org.gradle.internal.remote.internal.inet.InetAddresses] Adding remote address /10.8.0.1
2026-04-29T19:44:54.833-0400 [DEBUG] [org.gradle.internal.remote.internal.inet.InetAddresses] Adding IP addresses for network interface wg0-gcp
2026-04-29T19:44:54.833-0400 [DEBUG] [org.gradle.internal.remote.internal.inet.InetAddresses] Is this a loopback interface? false
2026-04-29T19:44:54.833-0400 [DEBUG] [org.gradle.internal.remote.internal.inet.InetAddresses] Adding remote address /10.20.0.2
2026-04-29T19:44:54.833-0400 [DEBUG] [org.gradle.internal.remote.internal.inet.InetAddresses] Adding IP addresses for network interface enp4s0
2026-04-29T19:44:54.833-0400 [DEBUG] [org.gradle.internal.remote.internal.inet.InetAddresses] Is this a loopback interface? false
2026-04-29T19:44:54.833-0400 [DEBUG] [org.gradle.internal.remote.internal.inet.InetAddresses] Adding remote address /fe80:0:0:0:ed98:9394:6a65:cd5d%enp4s0
2026-04-29T19:44:54.833-0400 [DEBUG] [org.gradle.internal.remote.internal.inet.InetAddresses] Adding remote address /2601:194:300:b110:7ff8:42ac:6b58:b0a4%enp4s0
2026-04-29T19:44:54.834-0400 [DEBUG] [org.gradle.internal.remote.internal.inet.InetAddresses] Adding remote address /10.0.0.95
2026-04-29T19:44:54.834-0400 [DEBUG] [org.gradle.internal.remote.internal.inet.InetAddresses] Adding IP addresses for network interface lo
2026-04-29T19:44:54.834-0400 [DEBUG] [org.gradle.internal.remote.internal.inet.InetAddresses] Is this a loopback interface? true
2026-04-29T19:44:54.834-0400 [DEBUG] [org.gradle.internal.remote.internal.inet.InetAddresses] Adding loopback address /127.0.0.1
2026-04-29T19:44:54.859-0400 [INFO] [org.gradle.launcher.daemon.server.Daemon] start() called on daemon - DefaultDaemonContext[uid=a42c604f-1a99-4d0c-b63b-8c05256c43b2,javaHome=/usr/lib/jvm/java-21-openjdk,javaVersion=21,javaVendor=Red Hat, Inc.,daemonRegistryDir=/home/only/RiderProjects/NutritionalBalance/.gradle-user-home/daemon,pid=823117,idleTimeout=120000,priority=NORMAL,applyInstrumentationAgent=true,nativeServicesMode=ENABLED,daemonOpts=-Xmx1G,-Dfile.encoding=UTF-8,-Duser.country=US,-Duser.language=en,-Duser.variant]
2026-04-29T19:44:54.890-0400 [DEBUG] [org.gradle.internal.remote.internal.inet.TcpIncomingConnector] Listening on [57071da2-d7fa-4766-bd05-e20c9af47352 port:37591, addresses:[localhost/127.0.0.1]].
2026-04-29T19:44:54.895-0400 [DEBUG] [org.gradle.launcher.daemon.server.Daemon] Daemon starting at: Wed Apr 29 19:44:54 EDT 2026, with address: [57071da2-d7fa-4766-bd05-e20c9af47352 port:37591, addresses:[localhost/127.0.0.1]]
2026-04-29T19:44:54.895-0400 [INFO] [org.gradle.launcher.daemon.server.DaemonRegistryUpdater] Advertising the daemon address to the clients: [57071da2-d7fa-4766-bd05-e20c9af47352 port:37591, addresses:[localhost/127.0.0.1]]
2026-04-29T19:44:54.896-0400 [DEBUG] [org.gradle.launcher.daemon.server.DaemonRegistryUpdater] Advertised daemon context: DefaultDaemonContext[uid=a42c604f-1a99-4d0c-b63b-8c05256c43b2,javaHome=/usr/lib/jvm/java-21-openjdk,javaVersion=21,javaVendor=Red Hat, Inc.,daemonRegistryDir=/home/only/RiderProjects/NutritionalBalance/.gradle-user-home/daemon,pid=823117,idleTimeout=120000,priority=NORMAL,applyInstrumentationAgent=true,nativeServicesMode=ENABLED,daemonOpts=-Xmx1G,-Dfile.encoding=UTF-8,-Duser.country=US,-Duser.language=en,-Duser.variant]
2026-04-29T19:44:54.897-0400 [DEBUG] [org.gradle.launcher.daemon.registry.PersistentDaemonRegistry] Storing daemon address: [57071da2-d7fa-4766-bd05-e20c9af47352 port:37591, addresses:[localhost/127.0.0.1]], context: DefaultDaemonContext[uid=a42c604f-1a99-4d0c-b63b-8c05256c43b2,javaHome=/usr/lib/jvm/java-21-openjdk,javaVersion=21,javaVendor=Red Hat, Inc.,daemonRegistryDir=/home/only/RiderProjects/NutritionalBalance/.gradle-user-home/daemon,pid=823117,idleTimeout=120000,priority=NORMAL,applyInstrumentationAgent=true,nativeServicesMode=ENABLED,daemonOpts=-Xmx1G,-Dfile.encoding=UTF-8,-Duser.country=US,-Duser.language=en,-Duser.variant]
2026-04-29T19:44:54.905-0400 [DEBUG] [org.gradle.cache.internal.DefaultFileLockManager] Waiting to acquire exclusive lock on daemon addresses registry.
2026-04-29T19:44:54.909-0400 [DEBUG] [org.gradle.cache.internal.DefaultFileLockManager] Lock acquired on daemon addresses registry.
2026-04-29T19:44:54.910-0400 [DEBUG] [org.gradle.cache.internal.DefaultFileLockManager] Releasing lock on daemon addresses registry.
2026-04-29T19:44:54.913-0400 [DEBUG] [org.gradle.cache.internal.DefaultFileLockManager] Waiting to acquire exclusive lock on daemon addresses registry.
2026-04-29T19:44:54.914-0400 [DEBUG] [org.gradle.cache.internal.DefaultFileLockManager] Lock acquired on daemon addresses registry.
2026-04-29T19:44:54.917-0400 [DEBUG] [org.gradle.cache.internal.DefaultFileLockManager] Releasing lock on daemon addresses registry.
2026-04-29T19:44:54.917-0400 [LIFECYCLE] [org.gradle.launcher.daemon.server.Daemon] Daemon server started.
2026-04-29T19:44:54.919-0400 [DEBUG] [org.gradle.launcher.daemon.bootstrap.DaemonStartupCommunication] Completed writing the daemon greeting. Closing streams...
2026-04-29T19:44:54.933-0400 [DEBUG] [org.gradle.launcher.daemon.server.Daemon] stopOnExpiration() called on daemon
2026-04-29T19:44:54.935-0400 [DEBUG] [org.gradle.launcher.daemon.server.Daemon] awaitExpiration() called on daemon
2026-04-29T19:44:54.937-0400 [DEBUG] [org.gradle.launcher.daemon.server.DaemonStateCoordinator] daemon is running. Sleeping until state changes.
2026-04-29T19:44:54.939-0400 [DEBUG] [org.gradle.internal.remote.internal.inet.TcpIncomingConnector] Accepted connection from /127.0.0.1:36380 to /127.0.0.1:37591.
2026-04-29T19:44:54.971-0400 [DEBUG] [org.gradle.launcher.daemon.server.SynchronizedDispatchConnection] thread 49: received class org.gradle.launcher.daemon.protocol.Build
2026-04-29T19:44:54.971-0400 [DEBUG] [org.gradle.launcher.daemon.server.DefaultDaemonConnection] thread 49: Received non-IO message from client: Build{id=fb3a3df6-3f36-4b7b-b8a9-a4c4697b6b60, currentDir=/home/only/RiderProjects/NutritionalBalance}
2026-04-29T19:44:54.972-0400 [INFO] [org.gradle.launcher.daemon.server.DefaultIncomingConnectionHandler] Received command: Build{id=fb3a3df6-3f36-4b7b-b8a9-a4c4697b6b60, currentDir=/home/only/RiderProjects/NutritionalBalance}.
2026-04-29T19:44:54.973-0400 [DEBUG] [org.gradle.launcher.daemon.server.DefaultIncomingConnectionHandler] Starting executing command: Build{id=fb3a3df6-3f36-4b7b-b8a9-a4c4697b6b60, currentDir=/home/only/RiderProjects/NutritionalBalance} with connection: socket connection from /127.0.0.1:37591 to /127.0.0.1:36380.
2026-04-29T19:44:54.978-0400 [DEBUG] [org.gradle.launcher.daemon.server.DaemonStateCoordinator] Command execution: started DaemonCommandExecution[command = Build{id=fb3a3df6-3f36-4b7b-b8a9-a4c4697b6b60, currentDir=/home/only/RiderProjects/NutritionalBalance}, connection = DefaultDaemonConnection: socket connection from /127.0.0.1:37591 to /127.0.0.1:36380] after 0.0015666666666666667 minutes of idle
2026-04-29T19:44:54.978-0400 [INFO] [org.gradle.launcher.daemon.server.DaemonRegistryUpdater] Marking the daemon as busy, address: [57071da2-d7fa-4766-bd05-e20c9af47352 port:37591, addresses:[localhost/127.0.0.1]]
2026-04-29T19:44:54.978-0400 [DEBUG] [org.gradle.launcher.daemon.registry.PersistentDaemonRegistry] Marking busy by address: [57071da2-d7fa-4766-bd05-e20c9af47352 port:37591, addresses:[localhost/127.0.0.1]]
2026-04-29T19:44:54.979-0400 [DEBUG] [org.gradle.cache.internal.DefaultFileLockManager] Waiting to acquire exclusive lock on daemon addresses registry.
2026-04-29T19:44:54.979-0400 [DEBUG] [org.gradle.cache.internal.DefaultFileLockManager] Lock acquired on daemon addresses registry.
2026-04-29T19:44:54.981-0400 [DEBUG] [org.gradle.cache.internal.DefaultFileLockManager] Releasing lock on daemon addresses registry.
2026-04-29T19:44:54.981-0400 [DEBUG] [org.gradle.launcher.daemon.server.DaemonStateCoordinator] resetting idle timer
2026-04-29T19:44:54.982-0400 [DEBUG] [org.gradle.launcher.daemon.server.DaemonStateCoordinator] daemon is running. Sleeping until state changes.
2026-04-29T19:44:54.982-0400 [INFO] [org.gradle.launcher.daemon.server.exec.StartBuildOrRespondWithBusy] Daemon is about to start building Build{id=fb3a3df6-3f36-4b7b-b8a9-a4c4697b6b60, currentDir=/home/only/RiderProjects/NutritionalBalance}. Dispatching build started information...
2026-04-29T19:44:54.983-0400 [DEBUG] [org.gradle.launcher.daemon.server.SynchronizedDispatchConnection] thread 51: dispatching org.gradle.launcher.daemon.protocol.BuildStarted@e243d38
2026-04-29T19:44:54.985-0400 [DEBUG] [org.gradle.launcher.daemon.server.exec.EstablishBuildEnvironment] Configuring env variables: [PATH, IMSETTINGS_MODULE, HISTCONTROL, XMODIFIERS, GOCACHE, DBUS_SESSION_BUS_ADDRESS, VSCODE_PID, SDKMAN_DIR, SESSION_MANAGER, PWD, MANAGERPID, VSCODE_NLS_CONFIG, SDKMAN_BROKER_API, KDE_SESSION_VERSION, LESSOPEN, CHROME_DESKTOP, YDOTOOL_SOCKET, PNPM_STORE_PATH, SDKMAN_CANDIDATES_API, PUPPETEER_CACHE_DIR, DEBUGINFOD_IMA_CERT_PATH, PIP_CACHE_DIR, IMSETTINGS_INTEGRATE_DESKTOP, DOTNET_BUNDLE_EXTRACT_BASE_DIR, SHLVL, BUN_INSTALL_CACHE_DIR, ICEAUTHORITY, CURSOR_LAYOUT, HISTSIZE, JAVA_HOME, CCACHE_DIR, MEMORY_PRESSURE_WATCH, KDE_SESSION_UID, TERM, XDG_CONFIG_DIRS, XDG_SEAT_PATH, XDG_SESSION_ID, GRADLE_USER_HOME, _ZO_DOCTOR, WAYLAND_DISPLAY, GTK_RC_FILES, XDG_SESSION_CLASS, NPM_CONFIG_CACHE, VSCODE_CWD, VSCODE_ESM_ENTRYPOINT, TURBO_CACHE_DIR, CURSOR_RIPGREP_PATH, DESKTOP_SESSION, GDK_CORE_DEVICE_EVENTS, XDG_MENU_PREFIX, GTK2_RC_FILES, CP_HOME_DIR, CURSOR_ORIG_GID, VSCODE_IPC_HOOK, INVOCATION_ID, XAUTHORITY, XDG_DATA_DIRS, CURSOR_AGENT, XDG_CURRENT_DESKTOP, JOURNAL_STREAM, HOMEBREW_CACHE, MAIL, MANAGERPIDFDID, LOGNAME, PAM_KWALLET5_LOGIN, _JAVA_AWT_WM_NONREPARENTING, SHELL, VSCODE_CRASH_REPORTER_PROCESS_TYPE, STEAM_FRAME_FORCE_CLOSE, OLDPWD, BUN_INSTALL, YARN_CACHE_FOLDER, KDE_FULL_SESSION, VSCODE_CODE_CACHE_PATH, NX_CACHE_DIRECTORY, SSH_ASKPASS, CARGO_TARGET_DIR, DOTNET_ROOT, GOMODCACHE, XDG_SESSION_PATH, DEBUGINFOD_URLS, BUNDLE_PATH, SYSTEMD_EXEC_PID, XDG_SESSION_DESKTOP, CONDA_PKGS_DIRS, KDE_APPLICATIONS_AS_SCOPE, MEMORY_PRESSURE_WRITE, FORCE_COLOR, DOCKER_HOST, VSCODE_HANDLES_UNCAUGHT_ERRORS, LANG, XDG_SESSION_TYPE, CURSOR_EXTENSION_HOST_ROLE, COMPOSER_HOME, UV_CACHE_DIR, DISPLAY, ELECTRON_RUN_AS_NODE, CYPRESS_CACHE_FOLDER, FC_FONTATIONS, NO_COLOR, XKB_DEFAULT_LAYOUT, GEM_SPEC_CACHE, PLAYWRIGHT_BROWSERS_PATH, SDKMAN_CANDIDATES_DIR, POETRY_CACHE_DIR, GDK_BACKEND, npm_config_devdir, GPG_TTY, SDKMAN_PLATFORM, USER, SSH_AUTH_SOCK, XDG_SEAT, SDL_VIDEO_MINIMIZE_ON_FOCUS_LOSS, EDITOR, VSCODE_PROCESS_TITLE, CURSOR_WORKSPACE_LABEL, QT_WAYLAND_RECONNECT, HOSTNAME, CURSOR_ORIG_UID, NO_AT_BRIDGE, KDEDIRS, XDG_RUNTIME_DIR, XDG_VTNR, HOME, NUGET_PACKAGES]
2026-04-29T19:44:54.994-0400 [DEBUG] [org.gradle.launcher.daemon.server.exec.LogToClient] About to start relaying all logs to the client via the connection.
2026-04-29T19:44:54.994-0400 [INFO] [org.gradle.launcher.daemon.server.exec.LogToClient] The client will now receive all logging from the daemon (pid: 823117). The daemon log file: /home/only/RiderProjects/NutritionalBalance/.gradle-user-home/daemon/9.2.1/daemon-823117.out.log
2026-04-29T19:44:54.995-0400 [DEBUG] [org.gradle.launcher.daemon.server.exec.RequestStopIfSingleUsedDaemon] Requesting daemon stop after processing Build{id=fb3a3df6-3f36-4b7b-b8a9-a4c4697b6b60, currentDir=/home/only/RiderProjects/NutritionalBalance}
2026-04-29T19:44:54.995-0400 [LIFECYCLE] [org.gradle.launcher.daemon.server.DaemonStateCoordinator] Daemon will be stopped at the end of the build 
2026-04-29T19:44:54.995-0400 [DEBUG] [org.gradle.launcher.daemon.server.DaemonStateCoordinator] Stop as soon as idle requested. The daemon is busy
2026-04-29T19:44:54.995-0400 [DEBUG] [org.gradle.launcher.daemon.server.DaemonStateCoordinator] daemon stop has been requested. Sleeping until state changes.
2026-04-29T19:44:54.998-0400 [DEBUG] [org.gradle.launcher.daemon.server.exec.ExecuteBuild] The daemon has started executing the build.
2026-04-29T19:44:54.998-0400 [DEBUG] [org.gradle.launcher.daemon.server.exec.ExecuteBuild] Executing build with daemon context: DefaultDaemonContext[uid=a42c604f-1a99-4d0c-b63b-8c05256c43b2,javaHome=/usr/lib/jvm/java-21-openjdk,javaVersion=21,javaVendor=Red Hat, Inc.,daemonRegistryDir=/home/only/RiderProjects/NutritionalBalance/.gradle-user-home/daemon,pid=823117,idleTimeout=120000,priority=NORMAL,applyInstrumentationAgent=true,nativeServicesMode=ENABLED,daemonOpts=-Xmx1G,-Dfile.encoding=UTF-8,-Duser.country=US,-Duser.language=en,-Duser.variant]
Loaded 131 artifacts from /home/only/RiderProjects/NutritionalBalance/build/tmp/createMinecraftArtifacts/nfrt_artifact_manifest.properties
*** Started working on downloadJson
  ↓ https://launchermeta.mojang.com/mc/game/version_manifest_v2.json
  ↓ https://piston-meta.mojang.com/v1/packages/fc22b8ffcf9c6c1178c761e548221e394a5025d2/1.21.1.json
 ✓ Completed downloadJson in 1.26s
*** Started working on downloadClient
*** Started working on downloadClientMappings
*** Started working on downloadServer
  ↓ https://piston-data.mojang.com/v1/objects/30c73b1c5da787909b2f73340419fdf13b9def88/client.jar
  ↓ https://piston-data.mojang.com/v1/objects/59353fb40c36d304f2035d51e7d6e6baa98dc05c/server.jar
  ↓ https://piston-data.mojang.com/v1/objects/2244b6f072256667bcd9a73df124d6c58de77992/client.txt
 ✓ Completed downloadClientMappings in 1.07s
*** Started working on mergeMappings
 ↳ Running external tool net.neoforged.installertools:installertools:2.1.2:fatjar
 ✓ Completed downloadClient in 1.43s
*** Started working on stripClient
 ✓ Completed downloadServer in 1.65s
*** Started working on extractServer
 ↳ Running external tool net.neoforged.installertools:installertools:2.1.2:fatjar
 ✓ Completed extractServer in 0.52s
*** Started working on stripServer
 ✓ Completed mergeMappings in 2.65s
 ✓ Completed stripServer in 1.76s
 ✓ Completed stripClient in 2.78s
*** Started working on merge
 ↳ Running external tool net.neoforged:mergetool:2.0.3:fatjar
 ✓ Completed merge in 3.75s
*** Started working on rename
 ↳ Running external tool net.neoforged:AutoRenamingTool:2.0.3:all
 ✓ Completed rename in 4.56s
*** Started working on decompile
 ↳ Running external tool org.vineflower:vineflower:1.10.1
thread 49: client disconnection detected, canceling the build
Daemon is stopping immediately the build was canceled after a stop was requested
Unable to execute command Build{id=fb3a3df6-3f36-4b7b-b8a9-a4c4697b6b60, currentDir=/home/only/RiderProjects/NutritionalBalance} from socket connection from /127.0.0.1:37591 to /127.0.0.1:36380. Dispatching the failure to the daemon client
org.gradle.internal.remote.internal.MessageIOException: Could not write message Failure[value=org.gradle.launcher.daemon.server.api.DaemonStoppedException: Gradle build daemon has been stopped: the build was canceled after a stop was requested] to '/127.0.0.1:36380'.
	at org.gradle.internal.remote.internal.inet.SocketConnection.dispatch(SocketConnection.java:132)
	at org.gradle.launcher.daemon.server.SynchronizedDispatchConnection.dispatchAndFlush(SynchronizedDispatchConnection.java:56)
	at org.gradle.launcher.daemon.server.DefaultDaemonConnection.completed(DefaultDaemonConnection.java:150)
	at org.gradle.launcher.daemon.server.exec.StartBuildOrRespondWithBusy.doBuild(StartBuildOrRespondWithBusy.java:61)
	at org.gradle.launcher.daemon.server.exec.BuildCommandOnly.execute(BuildCommandOnly.java:37)
	at org.gradle.launcher.daemon.server.api.DaemonCommandExecution.proceed(DaemonCommandExecution.java:104)
	at org.gradle.launcher.daemon.server.exec.ReturnResult.execute(ReturnResult.java:36)
	at org.gradle.launcher.daemon.server.api.DaemonCommandExecution.proceed(DaemonCommandExecution.java:104)
	at org.gradle.launcher.daemon.server.exec.CleanUpVirtualFileSystemAfterBuild.doBuild(CleanUpVirtualFileSystemAfterBuild.java:58)
	at org.gradle.launcher.daemon.server.exec.BuildCommandOnly.execute(BuildCommandOnly.java:37)
	at org.gradle.launcher.daemon.server.api.DaemonCommandExecution.proceed(DaemonCommandExecution.java:104)
	at org.gradle.launcher.daemon.server.api.HandleReportStatus.execute(HandleReportStatus.java:35)
	at org.gradle.launcher.daemon.server.api.DaemonCommandExecution.proceed(DaemonCommandExecution.java:104)
	at org.gradle.launcher.daemon.server.exec.HandleCancel.execute(HandleCancel.java:39)
	at org.gradle.launcher.daemon.server.api.DaemonCommandExecution.proceed(DaemonCommandExecution.java:104)
	at org.gradle.launcher.daemon.server.api.HandleInvalidateVirtualFileSystem.execute(HandleInvalidateVirtualFileSystem.java:46)
	at org.gradle.launcher.daemon.server.api.DaemonCommandExecution.proceed(DaemonCommandExecution.java:104)
	at org.gradle.launcher.daemon.server.api.HandleStop.execute(HandleStop.java:46)
	at org.gradle.launcher.daemon.server.api.DaemonCommandExecution.proceed(DaemonCommandExecution.java:104)
	at org.gradle.launcher.daemon.server.exec.DaemonCommandExecuter.executeCommand(DaemonCommandExecuter.java:55)
	at org.gradle.launcher.daemon.server.DefaultIncomingConnectionHandler$ConnectionWorker.handleCommand(DefaultIncomingConnectionHandler.java:161)
	at org.gradle.launcher.daemon.server.DefaultIncomingConnectionHandler$ConnectionWorker.receiveAndHandleCommand(DefaultIncomingConnectionHandler.java:134)
	at org.gradle.launcher.daemon.server.DefaultIncomingConnectionHandler$ConnectionWorker.run(DefaultIncomingConnectionHandler.java:122)
	at org.gradle.internal.concurrent.ExecutorPolicy$CatchAndRecordFailures.onExecute(ExecutorPolicy.java:64)
	at org.gradle.internal.concurrent.AbstractManagedExecutor$1.run(AbstractManagedExecutor.java:47)
	at java.base/java.util.concurrent.ThreadPoolExecutor.runWorker(ThreadPoolExecutor.java:1144)
	at java.base/java.util.concurrent.ThreadPoolExecutor$Worker.run(ThreadPoolExecutor.java:642)
	at java.base/java.lang.Thread.run(Thread.java:1583)
Caused by: com.esotericsoftware.kryo.KryoException: java.io.IOException: Broken pipe
	at com.esotericsoftware.kryo.io.Output.flush(Output.java:165)
	at com.esotericsoftware.kryo.io.Output.require(Output.java:142)
	at com.esotericsoftware.kryo.io.Output.writeBytes(Output.java:228)
	at org.gradle.internal.serialize.kryo.KryoBackedEncoder.writeBytes(KryoBackedEncoder.java:49)
	at org.gradle.internal.serialize.AbstractEncoder$EncoderStream.write(AbstractEncoder.java:94)
	at java.base/java.io.ObjectOutputStream$BlockDataOutputStream.drain(ObjectOutputStream.java:1899)
	at java.base/java.io.ObjectOutputStream$BlockDataOutputStream.flush(ObjectOutputStream.java:1844)
	at java.base/java.io.ObjectOutputStream.flush(ObjectOutputStream.java:736)
	at org.gradle.internal.serialize.Message.send(Message.java:38)
	at org.gradle.internal.serialize.BaseSerializerFactory$ThrowableSerializer.write(BaseSerializerFactory.java:314)
	at org.gradle.internal.serialize.BaseSerializerFactory$ThrowableSerializer.write(BaseSerializerFactory.java:306)
	at org.gradle.launcher.daemon.protocol.DaemonMessageSerializer$FailureSerializer.write(DaemonMessageSerializer.java:199)
	at org.gradle.launcher.daemon.protocol.DaemonMessageSerializer$FailureSerializer.write(DaemonMessageSerializer.java:190)
	at org.gradle.internal.serialize.DefaultSerializerRegistry$TaggedTypeSerializer.write(DefaultSerializerRegistry.java:171)
	at org.gradle.internal.serialize.Serializers$StatefulSerializerAdapter$2.write(Serializers.java:46)
	at org.gradle.internal.remote.internal.inet.SocketConnection.dispatch(SocketConnection.java:124)
	... 27 more
Caused by: java.io.IOException: Broken pipe
	at java.base/sun.nio.ch.SocketDispatcher.write0(Native Method)
	at java.base/sun.nio.ch.SocketDispatcher.write(SocketDispatcher.java:62)
	at java.base/sun.nio.ch.IOUtil.writeFromNativeBuffer(IOUtil.java:137)
	at java.base/sun.nio.ch.IOUtil.write(IOUtil.java:81)
	at java.base/sun.nio.ch.IOUtil.write(IOUtil.java:58)
	at java.base/sun.nio.ch.SocketChannelImpl.write(SocketChannelImpl.java:542)
	at org.gradle.internal.remote.internal.inet.SocketConnection$SocketOutputStream.writeWithNonBlockingRetry(SocketConnection.java:282)
	at org.gradle.internal.remote.internal.inet.SocketConnection$SocketOutputStream.writeBufferToChannel(SocketConnection.java:269)
	at org.gradle.internal.remote.internal.inet.SocketConnection$SocketOutputStream.write(SocketConnection.java:255)
	at com.esotericsoftware.kryo.io.Output.flush(Output.java:163)
	... 42 more
Daemon vm is shutting down... The daemon has exited normally or was terminated in response to a user interrupt.
Remove shutdown hook failed
java.lang.IllegalStateException: Shutdown in progress
	at java.base/java.lang.ApplicationShutdownHooks.remove(ApplicationShutdownHooks.java:83)
	at java.base/java.lang.Runtime.removeShutdownHook(Runtime.java:281)
	at org.gradle.process.internal.shutdown.ShutdownHooks.removeShutdownHook(ShutdownHooks.java:38)
	at org.gradle.process.internal.DefaultExecHandle.setEndStateInfo(DefaultExecHandle.java:209)
	at org.gradle.process.internal.DefaultExecHandle.aborted(DefaultExecHandle.java:400)
	at org.gradle.process.internal.ExecHandleRunner.completed(ExecHandleRunner.java:162)
	at org.gradle.process.internal.ExecHandleRunner.lambda$run$2(ExecHandleRunner.java:127)
	at org.gradle.internal.operations.CurrentBuildOperationRef.with(CurrentBuildOperationRef.java:84)
	at org.gradle.process.internal.ExecHandleRunner.run(ExecHandleRunner.java:125)
	at org.gradle.internal.concurrent.ExecutorPolicy$CatchAndRecordFailures.onExecute(ExecutorPolicy.java:64)
	at org.gradle.internal.concurrent.AbstractManagedExecutor$1.run(AbstractManagedExecutor.java:47)
	at java.base/java.util.concurrent.ThreadPoolExecutor.runWorker(ThreadPoolExecutor.java:1144)
	at java.base/java.util.concurrent.ThreadPoolExecutor$Worker.run(ThreadPoolExecutor.java:642)
	at java.base/java.lang.Thread.run(Thread.java:1583)
